coder@8661bed78963:~/sql-basics-workshop-polytech$ git remote add upstream https://github.com/JdeJo1/2025-BDD4.git
coder@8661bed78963:~/sql-basics-workshop-polytech$ git status
On branch main
Your branch is up to date with 'origin/main'.

Untracked files:
  (use "git add <file>..." to include in what will be committed)
        modelisation/

nothing added to commit but untracked files present (use "git add" to track)
coder@8661bed78963:~/sql-basics-workshop-polytech$ git add modelisation/
coder@8661bed78963:~/sql-basics-workshop-polytech$ git commit -a -m "test"
*** Please tell me who you are.

Run

  git config --global user.email "you@example.com"
  git config --global user.name "Your Name"

coder@8661bed78963:~/sql-basics-workshop-polytech$ git config --global user.email "jonathan.baril18@gmail.com"
coder@8661bed78963:~/sql-basics-workshop-polytech$ git config --global user.name "JdeJo1"
coder@8661bed78963:~/sql-basics-workshop-polytech$ git commit -a -m "modelisation"

coder@8661bed78963:~/sql-basics-workshop-polytech$ git push upstream main
