coder@8661bed78963:~/sql-basics-workshop-polytech$ git remote add upstream https://github.com/JdeJo1/2025-BDD4.git
coder@8661bed78963:~/sql-basics-workshop-polytech$ git status
On branch main
Your branch is up to date with 'origin/main'.

Untracked files:
  (use "git add <file>..." to include in what will be committed)
        modelisation/

nothing added to commit but untracked files present (use "git add" to track)
coder@8661bed78963:~/sql-basics-workshop-polytech$ git add modelisation/
coder@8661bed78963:~/sql-basics-workshop-polytech$ git commit -a -m "test"
Author identity unknown

*** Please tell me who you are.

Run

  git config --global user.email "you@example.com"
  git config --global user.name "Your Name"

to set your account's default identity.
Omit --global to set the identity only in this repository.

fatal: unable to auto-detect email address (got 'coder@8661bed78963.(none)')
coder@8661bed78963:~/sql-basics-workshop-polytech$ git config --global user.email "jonathan.baril18@gmail.com"
coder@8661bed78963:~/sql-basics-workshop-polytech$ git config --global user.name "JdeJo1"
coder@8661bed78963:~/sql-basics-workshop-polytech$ git commit -a -m "modelisation"
[main 69f2249] modelisation
 2 files changed, 32 insertions(+)
 create mode 100644 modelisation/Jonathan_Baril.jpg
 create mode 100644 modelisation/LDD
coder@8661bed78963:~/sql-basics-workshop-polytech$ git push upstream main
Enumerating objects: 26, done.
Counting objects: 100% (26/26), done.
Delta compression using up to 8 threads
Compressing objects: 100% (19/19), done.
Writing objects: 100% (26/26), 159.23 KiB | 79.61 MiB/s, done.
Total 26 (delta 6), reused 21 (delta 6), pack-reused 0
remote: Resolving deltas: 100% (6/6), done.
To https://github.com/JdeJo1/2025-BDD4.git
 * [new branch]      main -> main
coder@8661bed78963:~/sql-basics-workshop-polytech$ 